

================================================================
== Vivado HLS Report for 'countLayers'
================================================================
* Date:           Fri Jun 14 18:58:38 2019

* Version:        2019.1 (Build 2552052 on Fri May 24 15:28:33 MDT 2019)
* Project:        HLS_LR
* Solution:       solution1
* Product family: kintexu
* Target device:  xcku115-flvd1517-2-i


================================================================
== Performance Estimates
================================================================
+ Timing (ns): 
    * Summary: 
    +--------+-------+----------+------------+
    |  Clock | Target| Estimated| Uncertainty|
    +--------+-------+----------+------------+
    |ap_clk  |   3.12|     1.926|        0.39|
    +--------+-------+----------+------------+

+ Latency (clock cycles): 
    * Summary: 
    +-----+-----+-----+-----+---------+
    |  Latency  |  Interval | Pipeline|
    | min | max | min | max |   Type  |
    +-----+-----+-----+-----+---------+
    |    ?|    ?|    ?|    ?|   none  |
    +-----+-----+-----+-----+---------+

    + Detail: 
        * Instance: 
        N/A

        * Loop: 
        +----------+-----+-----+----------+-----------+-----------+------+----------+
        |          |  Latency  | Iteration|  Initiation Interval  | Trip |          |
        | Loop Name| min | max |  Latency |  achieved |   target  | Count| Pipelined|
        +----------+-----+-----+----------+-----------+-----------+------+----------+
        |- Loop 1  |    ?|    ?|         1|          -|          -|     ?|    no    |
        |- Loop 2  |    ?|    ?|         3|          -|          -|     ?|    no    |
        |- Loop 3  |    ?|    ?|         2|          -|          -|     ?|    no    |
        +----------+-----+-----+----------+-----------+-----------+------+----------+



================================================================
== Utilization Estimates
================================================================
* Summary: 
+---------------------+---------+-------+---------+--------+-----+
|         Name        | BRAM_18K| DSP48E|    FF   |   LUT  | URAM|
+---------------------+---------+-------+---------+--------+-----+
|DSP                  |        -|      -|        -|       -|    -|
|Expression           |        -|      -|        0|     248|    -|
|FIFO                 |        -|      -|        -|       -|    -|
|Instance             |        -|      -|        -|       -|    -|
|Memory               |        0|      -|        2|       1|    0|
|Multiplexer          |        -|      -|        -|     122|    -|
|Register             |        -|      -|      236|       -|    -|
+---------------------+---------+-------+---------+--------+-----+
|Total                |        0|      0|      238|     371|    0|
+---------------------+---------+-------+---------+--------+-----+
|Available SLR        |     2160|   2760|   663360|  331680|    0|
+---------------------+---------+-------+---------+--------+-----+
|Utilization SLR (%)  |        0|      0|    ~0   |   ~0   |  100|
+---------------------+---------+-------+---------+--------+-----+
|Available            |     4320|   5520|  1326720|  663360|    0|
+---------------------+---------+-------+---------+--------+-----+
|Utilization (%)      |        0|      0|    ~0   |   ~0   |    0|
+---------------------+---------+-------+---------+--------+-----+

+ Detail: 
    * Instance: 
    N/A

    * DSP48E: 
    N/A

    * Memory: 
    +----------------------+--------------------------------+---------+---+----+-----+------+-----+------+-------------+
    |        Memory        |             Module             | BRAM_18K| FF| LUT| URAM| Words| Bits| Banks| W*Bits*Banks|
    +----------------------+--------------------------------+---------+---+----+-----+------+-----+------+-------------+
    |foundLayers_data_s_U  |countLayers_foundLayers_data_s  |        0|  2|   1|    0|    30|    1|     1|           30|
    +----------------------+--------------------------------+---------+---+----+-----+------+-----+------+-------------+
    |Total                 |                                |        0|  2|   1|    0|    30|    1|     1|           30|
    +----------------------+--------------------------------+---------+---+----+-----+------+-----+------+-------------+

    * FIFO: 
    N/A

    * Expression: 
    +-----------------------+----------+-------+---+----+------------+------------+
    |     Variable Name     | Operation| DSP48E| FF| LUT| Bitwidth P0| Bitwidth P1|
    +-----------------------+----------+-------+---+----+------------+------------+
    |add_ln96_fu_173_p2     |     +    |      0|  0|  39|          32|           1|
    |count_fu_200_p2        |     +    |      0|  0|  39|          32|           1|
    |i_18_fu_189_p2         |     +    |      0|  0|  39|          32|           1|
    |i_fu_151_p2            |     +    |      0|  0|  39|          32|           1|
    |icmp_ln63_fu_146_p2    |   icmp   |      0|  0|  20|          32|          32|
    |icmp_ln75_fu_184_p2    |   icmp   |      0|  0|  20|          32|          32|
    |icmp_ln96_fu_168_p2    |   icmp   |      0|  0|  20|          32|          32|
    |select_ln76_fu_206_p3  |  select  |      0|  0|  32|           1|          32|
    +-----------------------+----------+-------+---+----+------------+------------+
    |Total                  |          |      0|  0| 248|         225|         132|
    +-----------------------+----------+-------+---+----+------------+------------+

    * Multiplexer: 
    +-----------------------------+----+-----------+-----+-----------+
    |             Name            | LUT| Input Size| Bits| Total Bits|
    +-----------------------------+----+-----------+-----+-----------+
    |ap_NS_fsm                    |  41|          8|    1|          8|
    |ap_return                    |   9|          2|   32|         64|
    |count_0_i_reg_134            |   9|          2|   32|         64|
    |foundLayers_data_s_address0  |  21|          4|    5|         20|
    |foundLayers_data_s_d0        |  15|          3|    1|          3|
    |i_0_i_i_reg_101              |   9|          2|   32|         64|
    |i_0_i_reg_123                |   9|          2|   32|         64|
    |p_begin_0_rec_reg_112        |   9|          2|   32|         64|
    +-----------------------------+----+-----------+-----+-----------+
    |Total                        | 122|         25|  167|        351|
    +-----------------------------+----+-----------+-----+-----------+

    * Register: 
    +-------------------------------+----+----+-----+-----------+
    |              Name             | FF | LUT| Bits| Const Bits|
    +-------------------------------+----+----+-----+-----------+
    |add_ln96_reg_250               |  32|   0|   32|          0|
    |ap_CS_fsm                      |   7|   0|    7|          0|
    |ap_return_preg                 |  32|   0|   32|          0|
    |count_0_i_reg_134              |  32|   0|   32|          0|
    |i_0_i_i_reg_101                |  32|   0|   32|          0|
    |i_0_i_reg_123                  |  32|   0|   32|          0|
    |i_18_reg_262                   |  32|   0|   32|          0|
    |p_begin_0_rec_reg_112          |  32|   0|   32|          0|
    |stubs_data_moduleHL_1_reg_242  |   4|   0|    4|          0|
    |stubs_data_moduleHL_2_reg_255  |   1|   0|    1|          0|
    +-------------------------------+----+----+-----+-----------+
    |Total                          | 236|   0|  236|          0|
    +-------------------------------+----+----+-----+-----------+



================================================================
== Interface
================================================================
* Summary: 
+------------------------------------------+-----+-----+------------+---------------------------------+--------------+
|                 RTL Ports                | Dir | Bits|  Protocol  |          Source Object          |    C Type    |
+------------------------------------------+-----+-----+------------+---------------------------------+--------------+
|ap_clk                                    |  in |    1| ap_ctrl_hs |           countLayers           | return value |
|ap_rst                                    |  in |    1| ap_ctrl_hs |           countLayers           | return value |
|ap_start                                  |  in |    1| ap_ctrl_hs |           countLayers           | return value |
|ap_done                                   | out |    1| ap_ctrl_hs |           countLayers           | return value |
|ap_idle                                   | out |    1| ap_ctrl_hs |           countLayers           | return value |
|ap_ready                                  | out |    1| ap_ctrl_hs |           countLayers           | return value |
|ap_return                                 | out |   32| ap_ctrl_hs |           countLayers           | return value |
|LRHLS_numLayers_read                      |  in |   32|   ap_none  |       LRHLS_numLayers_read      |    scalar    |
|stubs_size_read                           |  in |   32|   ap_none  |         stubs_size_read         |    scalar    |
|stubs_data_moduleHLS_psModule_s_address0  | out |    4|  ap_memory | stubs_data_moduleHLS_psModule_s |     array    |
|stubs_data_moduleHLS_psModule_s_ce0       | out |    1|  ap_memory | stubs_data_moduleHLS_psModule_s |     array    |
|stubs_data_moduleHLS_psModule_s_q0        |  in |    1|  ap_memory | stubs_data_moduleHLS_psModule_s |     array    |
|stubs_data_moduleHLS_layerId_s_address0   | out |    4|  ap_memory |  stubs_data_moduleHLS_layerId_s |     array    |
|stubs_data_moduleHLS_layerId_s_ce0        | out |    1|  ap_memory |  stubs_data_moduleHLS_layerId_s |     array    |
|stubs_data_moduleHLS_layerId_s_q0         |  in |   32|  ap_memory |  stubs_data_moduleHLS_layerId_s |     array    |
|onlySeed_read                             |  in |    1|   ap_none  |          onlySeed_read          |    scalar    |
+------------------------------------------+-----+-----+------------+---------------------------------+--------------+

